<?xml version="1.0" encoding="UTF-8"?>
<!DOCTYPE tv SYSTEM "xmltv.dtd">

<tv>
  <programme start="20010829000500 BST" stop="20010829003000 BST" pdc-start="20010829000000 BST" vps-start="20010829001000 BST" showview="12345" videoplus="54321" channel="bbc2.bbc.co.uk" clumpidx="0/2">
    <title>Attrib Rameau</title>
  </programme>
</tv>
