<?xml version="1.0" encoding="UTF-8"?>
<!DOCTYPE tv SYSTEM "xmltv.dtd">

<tv>
  <programme start="20021010090000 +0100" stop="20021010095500 +0100" channel="TA">
    <title>News</title>
  </programme>
  <programme start="20020517020200 BST" channel="c">
    <title>t</title>
  </programme>
  <programme start="20020517020200 BST" channel="c">
    <title>t</title>
  </programme>
</tv>
