<?xml version="1.0" encoding="UTF-8"?>
<!DOCTYPE tv SYSTEM "xmltv.dtd">

<tv>
  <programme start="20010829000500 BST" channel="bbc2.bbc.co.uk">
    <title>Ampersand Land</title>
    <title>&amp;</title>
    <desc>&amp; hello &amp;&amp; there &amp;amp; everyone &lt;
      &amp;&lt; &lt;amp;</desc>
  </programme>
</tv>
