<?xml version="1.0" encoding="UTF-8"?>
<!DOCTYPE tv SYSTEM "xmltv.dtd">

<tv generator-info-name="my listings generator">
  <channel id="3sat.de">
    <display-name lang="de">3SAT</display-name>
  </channel>
  <channel id="das-erste.de">
    <display-name lang="de">ARD</display-name>
    <display-name lang="de">Das Erste</display-name>
  </channel>
  <programme start="200006031633" channel="3sat.de">
    <title lang="de">blah</title>
    <title lang="en">blah</title>
    <desc lang="de">Blah Blah Blah.</desc>
    <credits>
      <director>blah</director>
      <actor>a</actor>
      <actor>b</actor>
    </credits>
    <date>19901011</date>
    <country>ES</country>
    <episode-num system="xmltv_ns">2 . 9 . 0/1</episode-num>
    <video>
      <aspect>16:9</aspect>
    </video>
    <last-chance />
    <subtitles type="teletext">
      <language lang="en">English</language>
    </subtitles>
    <rating system="MPAA">
      <value>PG</value>
    </rating>
    <star-rating>
      <value>3/3</value>
      <icon src="stars.png" />
    </star-rating>
  </programme>
</tv>
