<?xml version="1.0" encoding="UTF-8"?>
<!DOCTYPE tv SYSTEM "xmltv.dtd">

<tv>
  <channel id="3sat.de">
    <display-name lang="de">3SAT</display-name>
  </channel>
  <channel id="das-erste.de">
    <display-name lang="de">ARD</display-name>
    <display-name lang="de">Das Erste</display-name>
  </channel>
</tv>
