<?xml version="1.0" encoding="UTF-8"?>
<!DOCTYPE tv SYSTEM "xmltv.dtd">

<tv>
  <programme start="20011218040500" stop="20011218043000" channel="channel5.co.uk">
    <title lang="en">Motorsport Mundial</title>
    <desc lang="en">High-speed footage, news and views from around the world, focusing on everything from touring car races to single-seater events</desc>
    <category>sport</category>
    <audio>
      <present>yes</present>
      <stereo>stereo</stereo>
    </audio>
  </programme>
</tv>
