<?xml version="1.0" encoding="UTF-8"?>
<!DOCTYPE tv SYSTEM "xmltv.dtd">

<tv>
  <programme start="20020517020200 BST" channel="c">
    <title>t</title>
  </programme>
  <programme start="20020517020200 BST" channel="c">
    <title>t</title>
  </programme>
</tv>
