<?xml version="1.0" encoding="UTF-8"?>
<!DOCTYPE tv SYSTEM "xmltv.dtd">

<tv>
  <programme start="20030512233500 -0400" channel="2">
    <title>A</title>
  </programme>
  <programme start="20030513000600 -0400" stop="20030513010600 -0400" channel="2">
    <title>B</title>
  </programme>
</tv>
