12-28 (Friday)

11:31--	A	1
11:31--	B	1
11:31--	A	1
11:31--	D	1
11:31--11:31	B	1

05-17 (Friday)

02:02 BST--	t	c
02:02--	t	c

12-28 (Friday)

11:31 UTC--	A	1
11:31--	B	1
11:31--	A	1
11:31--	D	1
11:31--11:31	B	1

05-17 (Friday)

02:02 BST--	t	c
02:02--	t	c
