01-01 (Friday)

00:00--	A	2
00:00--01:00	B	2
00:00--	C	2
