06-03 (Saturday)

16:33--	blah	3SAT

Generated by my listings generator.
