01-01 (Saturday)

00:00--02:00	A	1
03:00--	B	1
03:00--	C	1
00:00--	D	1
00:00--	E	1
00:00--01:00	F	1
