08-29 (Wednesday)

00:05--	&	bbc2.bbc.co.uk

10-10 (Thursday)

09:00 +0100--09:55 +0100	News	TA

04-20 (Saturday)

17:25 UTC--18:00 UTC	First in clump	foo
17:25--18:00	Second in clump	foo
