\documentclass[a4paper]{article}
\usepackage[latin1]{inputenc}
\begin{document}
\sf
\begin{flushleft}
\section*{\sf 02-24 (Sunday)}
\begin{tabular}{r@{--}lp{0.7\textwidth}r} 
\smallskip
00:00 & 00:30 &
{ \small \raggedright
News
} & CNN \\
\end{tabular} \\ 
\end{flushleft}
\end{document}
