\documentclass[a4paper]{article}
\usepackage[latin1]{inputenc}
\begin{document}
\sf
\begin{flushleft}
\section*{\sf 02-16 (Sunday)}
\begin{tabular}{r@{--}lp{0.7\textwidth}r} 
\smallskip
00:00 &  &
{ \small \raggedright
A
} & 0 \\
\smallskip
00:30 & 00:30 &
{ \small \raggedright
B
} & 0 \\
\smallskip
00:00 & 00:10 &
{ \small \raggedright
C
} & 0 \\
\end{tabular} \\ 
\end{flushleft}
\end{document}
