04-20 (Saturday)

13:10--	A programme with empty stuff that should not be written out again	foo.com
