12-28 (Friday)

11:31--	A	1
11:31--	B	1
11:31--	A	1
11:31--	D	1
11:31--11:31	B	1

05-17 (Friday)

02:02 BST--	t	c
02:02--	t	c

08-29 (Wednesday)

00:05--	&	bbc2.bbc.co.uk

10-10 (Thursday)

09:00 +0100--09:55 +0100	News	TA
