08-29 (Wednesday)

00:05--	&	bbc2.bbc.co.uk

10-10 (Thursday)

09:00 +0100--09:55 +0100	News	TA
