\documentclass[a4paper]{article}
\usepackage[latin1]{inputenc}
\begin{document}
\sf
\begin{flushleft}
\section*{\sf 12-11 (Tuesday)}
\begin{tabular}{r@{--}lp{0.7\textwidth}r} 
\smallskip
18:00 &  &
{ \small \raggedright
£
} & south-east.bbc1.bbc.co.uk \\
\end{tabular} \\ 
\end{flushleft}
\end{document}
