02-16 (Sunday)

00:00--	A	0
00:30--00:30	B	0
00:00--00:10	C	0
