\documentclass[a4paper]{article}
\usepackage[latin1]{inputenc}
\begin{document}
\sf
\begin{flushleft}
\section*{\sf 04-20 (Saturday)}
\begin{tabular}{r@{--}lp{0.7\textwidth}r} 
\smallskip
13:10 &  &
{ \small \raggedright
A programme with empty stuff that should not be written out again
} & foo.com \\
\end{tabular} \\ 
\end{flushleft}
\end{document}
