10-04 (Friday)

09:00--10:00	Kilroy	south-east.bbc1.bbc.co.uk
09:00--10:00	BBC News; Weather	south-east.bbc1.bbc.co.uk
