04-20 (Saturday)

17:25--18:00	First in clump	foo
17:25--18:00	Second in clump	foo

12-28 (Friday)

11:31--	A	1
11:31--	B	1
11:31--	A	1
11:31--	D	1
11:31--11:31	B	1

05-17 (Friday)

02:02 BST--	t	c
02:02--	t	c
